127.0.0.1 - - [09/May/2018:09:24:57 +0200] "GET / HTTP/1.1" 404 962
0:0:0:0:0:0:0:1 - - [09/May/2018:09:26:14 +0200] "GET /test/toto HTTP/1.1" 404 980
0:0:0:0:0:0:0:1 - - [09/May/2018:09:26:14 +0200] "GET /favicon.ico HTTP/1.1" 404 984
0:0:0:0:0:0:0:1 - - [09/May/2018:09:29:00 +0200] "GET /test/toto HTTP/1.1" 404 980
0:0:0:0:0:0:0:1 - - [09/May/2018:09:29:02 +0200] "GET /test/toto HTTP/1.1" 404 980
0:0:0:0:0:0:0:1 - - [09/May/2018:09:29:10 +0200] "GET /test/toto HTTP/1.1" 404 980
0:0:0:0:0:0:0:1 - - [09/May/2018:09:29:12 +0200] "GET /test/toto HTTP/1.1" 404 980
0:0:0:0:0:0:0:1 - - [09/May/2018:09:31:01 +0200] "GET /test/toto HTTP/1.1" 404 980
0:0:0:0:0:0:0:1 - - [09/May/2018:09:31:01 +0200] "GET /test/toto HTTP/1.1" 404 980
0:0:0:0:0:0:0:1 - - [09/May/2018:09:31:02 +0200] "GET /test/toto HTTP/1.1" 404 980
0:0:0:0:0:0:0:1 - - [09/May/2018:09:31:02 +0200] "GET /test/toto HTTP/1.1" 404 980
127.0.0.1 - - [09/May/2018:09:31:45 +0200] "GET / HTTP/1.1" 404 962
0:0:0:0:0:0:0:1 - - [09/May/2018:09:31:52 +0200] "GET /test/toto HTTP/1.1" 404 980
0:0:0:0:0:0:0:1 - - [09/May/2018:09:31:53 +0200] "GET /test/toto HTTP/1.1" 404 980
0:0:0:0:0:0:0:1 - - [09/May/2018:09:31:54 +0200] "GET /test/toto HTTP/1.1" 404 980
0:0:0:0:0:0:0:1 - - [09/May/2018:09:32:32 +0200] "GET /test/toto HTTP/1.1" 404 980
0:0:0:0:0:0:0:1 - - [09/May/2018:09:32:33 +0200] "GET /test/toto HTTP/1.1" 404 980
0:0:0:0:0:0:0:1 - - [09/May/2018:09:32:33 +0200] "GET /test/toto HTTP/1.1" 404 980
127.0.0.1 - - [09/May/2018:09:32:38 +0200] "GET / HTTP/1.1" 404 962
0:0:0:0:0:0:0:1 - - [09/May/2018:09:32:42 +0200] "GET /test/toto HTTP/1.1" 404 980
0:0:0:0:0:0:0:1 - - [09/May/2018:09:32:42 +0200] "GET /test/toto HTTP/1.1" 404 980
0:0:0:0:0:0:0:1 - - [09/May/2018:09:32:43 +0200] "GET /test/toto HTTP/1.1" 404 980
0:0:0:0:0:0:0:1 - - [09/May/2018:09:32:43 +0200] "GET /test/toto HTTP/1.1" 404 980
127.0.0.1 - - [09/May/2018:09:35:14 +0200] "GET / HTTP/1.1" 404 962
0:0:0:0:0:0:0:1 - - [09/May/2018:09:35:18 +0200] "GET /test/toto HTTP/1.1" 404 980
0:0:0:0:0:0:0:1 - - [09/May/2018:09:35:19 +0200] "GET /test/toto HTTP/1.1" 404 980
0:0:0:0:0:0:0:1 - - [09/May/2018:09:35:19 +0200] "GET /test/toto HTTP/1.1" 404 980
0:0:0:0:0:0:0:1 - - [09/May/2018:09:35:19 +0200] "GET /test/toto HTTP/1.1" 404 980
0:0:0:0:0:0:0:1 - - [09/May/2018:09:35:27 +0200] "GET /test HTTP/1.1" 404 970
0:0:0:0:0:0:0:1 - - [09/May/2018:09:35:32 +0200] "GET /test/toto HTTP/1.1" 404 980
0:0:0:0:0:0:0:1 - - [09/May/2018:09:37:08 +0200] "GET /test/toto HTTP/1.1" 404 980
0:0:0:0:0:0:0:1 - - [09/May/2018:09:37:15 +0200] "GET /test/toto HTTP/1.1" 404 980
0:0:0:0:0:0:0:1 - - [09/May/2018:09:37:29 +0200] "GET /test/toto HTTP/1.1" 404 980
127.0.0.1 - - [09/May/2018:09:38:30 +0200] "GET / HTTP/1.1" 404 962
0:0:0:0:0:0:0:1 - - [09/May/2018:09:38:33 +0200] "GET /test/toto HTTP/1.1" 404 980
127.0.0.1 - - [09/May/2018:09:41:00 +0200] "GET / HTTP/1.1" 404 962
0:0:0:0:0:0:0:1 - - [09/May/2018:09:41:02 +0200] "GET /test/toto HTTP/1.1" 404 980
0:0:0:0:0:0:0:1 - - [09/May/2018:09:41:05 +0200] "GET /test/toto HTTP/1.1" 404 980
127.0.0.1 - - [09/May/2018:09:51:27 +0200] "GET / HTTP/1.1" 404 962
0:0:0:0:0:0:0:1 - - [09/May/2018:09:51:31 +0200] "GET /test/toto HTTP/1.1" 404 980
0:0:0:0:0:0:0:1 - - [09/May/2018:09:51:31 +0200] "GET /test/toto HTTP/1.1" 404 980
0:0:0:0:0:0:0:1 - - [09/May/2018:09:51:32 +0200] "GET /test/toto HTTP/1.1" 404 980
0:0:0:0:0:0:0:1 - - [09/May/2018:09:51:32 +0200] "GET /test/toto HTTP/1.1" 404 980
0:0:0:0:0:0:0:1 - - [09/May/2018:09:51:32 +0200] "GET /test/toto HTTP/1.1" 404 980
0:0:0:0:0:0:0:1 - - [09/May/2018:09:51:32 +0200] "GET /test/toto HTTP/1.1" 404 980
0:0:0:0:0:0:0:1 - - [09/May/2018:09:51:42 +0200] "GET /test/hello HTTP/1.1" 404 982
0:0:0:0:0:0:0:1 - - [09/May/2018:09:51:45 +0200] "GET /test/hello HTTP/1.1" 404 982
0:0:0:0:0:0:0:1 - - [09/May/2018:09:52:06 +0200] "GET /test/hello HTTP/1.1" 404 982
127.0.0.1 - - [09/May/2018:09:52:13 +0200] "GET / HTTP/1.1" 404 962
0:0:0:0:0:0:0:1 - - [09/May/2018:09:52:15 +0200] "GET /test/hello HTTP/1.1" 404 982
0:0:0:0:0:0:0:1 - - [09/May/2018:09:52:15 +0200] "GET /test/hello HTTP/1.1" 404 982
0:0:0:0:0:0:0:1 - - [09/May/2018:09:52:16 +0200] "GET /test/hello HTTP/1.1" 404 982
0:0:0:0:0:0:0:1 - - [09/May/2018:09:52:17 +0200] "GET /test/hello HTTP/1.1" 404 982
127.0.0.1 - - [09/May/2018:09:52:33 +0200] "GET / HTTP/1.1" 404 962
0:0:0:0:0:0:0:1 - - [09/May/2018:09:52:35 +0200] "GET /test/hello HTTP/1.1" 404 982
0:0:0:0:0:0:0:1 - - [09/May/2018:09:52:35 +0200] "GET /test/hello HTTP/1.1" 404 982
0:0:0:0:0:0:0:1 - - [09/May/2018:09:52:38 +0200] "GET /test/hello HTTP/1.1" 404 982
127.0.0.1 - - [09/May/2018:09:58:32 +0200] "GET / HTTP/1.1" 404 962
0:0:0:0:0:0:0:1 - - [09/May/2018:09:58:46 +0200] "GET /test/hello HTTP/1.1" 404 982
0:0:0:0:0:0:0:1 - - [09/May/2018:09:58:48 +0200] "GET /test/hello HTTP/1.1" 404 982
0:0:0:0:0:0:0:1 - - [09/May/2018:09:58:52 +0200] "GET /test/toto HTTP/1.1" 404 980
0:0:0:0:0:0:0:1 - - [09/May/2018:09:58:54 +0200] "GET /test/toto HTTP/1.1" 404 980
0:0:0:0:0:0:0:1 - - [09/May/2018:09:59:08 +0200] "GET /test.html HTTP/1.1" 404 980
0:0:0:0:0:0:0:1 - - [09/May/2018:10:00:16 +0200] "GET /test/test HTTP/1.1" 404 980
0:0:0:0:0:0:0:1 - - [09/May/2018:10:00:20 +0200] "GET /test/test.html HTTP/1.1" 404 990
0:0:0:0:0:0:0:1 - - [09/May/2018:10:01:38 +0200] "GET /test/test.html HTTP/1.1" 404 990
0:0:0:0:0:0:0:1 - - [09/May/2018:10:01:39 +0200] "GET /test/test.html HTTP/1.1" 404 990
0:0:0:0:0:0:0:1 - - [09/May/2018:10:01:39 +0200] "GET /test/test.html HTTP/1.1" 404 990
0:0:0:0:0:0:0:1 - - [09/May/2018:10:01:39 +0200] "GET /test/test.html HTTP/1.1" 404 990
127.0.0.1 - - [09/May/2018:10:01:44 +0200] "GET / HTTP/1.1" 404 962
0:0:0:0:0:0:0:1 - - [09/May/2018:10:01:45 +0200] "GET /test/test.html HTTP/1.1" 404 990
0:0:0:0:0:0:0:1 - - [09/May/2018:10:01:48 +0200] "GET /test/test.html HTTP/1.1" 404 990
0:0:0:0:0:0:0:1 - - [09/May/2018:10:01:49 +0200] "GET /test/test.html HTTP/1.1" 404 990
0:0:0:0:0:0:0:1 - - [09/May/2018:10:01:49 +0200] "GET /test/test.html HTTP/1.1" 404 990
0:0:0:0:0:0:0:1 - - [09/May/2018:10:01:52 +0200] "GET /test/ HTTP/1.1" 404 972
0:0:0:0:0:0:0:1 - - [09/May/2018:10:01:56 +0200] "GET /test HTTP/1.1" 404 970
0:0:0:0:0:0:0:1 - - [09/May/2018:10:02:00 +0200] "GET /test.html HTTP/1.1" 404 980
0:0:0:0:0:0:0:1 - - [09/May/2018:10:02:04 +0200] "GET / HTTP/1.1" 404 962
0:0:0:0:0:0:0:1 - - [09/May/2018:10:02:29 +0200] "GET / HTTP/1.1" 404 962
0:0:0:0:0:0:0:1 - - [09/May/2018:10:02:29 +0200] "GET / HTTP/1.1" 404 962
0:0:0:0:0:0:0:1 - - [09/May/2018:10:02:30 +0200] "GET / HTTP/1.1" 404 962
0:0:0:0:0:0:0:1 - - [09/May/2018:10:02:30 +0200] "GET / HTTP/1.1" 404 962
0:0:0:0:0:0:0:1 - - [09/May/2018:10:02:35 +0200] "GET /testWebProject/test.html HTTP/1.1" 304 -
0:0:0:0:0:0:0:1 - - [09/May/2018:10:02:48 +0200] "GET /testWebProject/test.html HTTP/1.1" 304 -
0:0:0:0:0:0:0:1 - - [09/May/2018:10:02:49 +0200] "GET /testWebProject/test.html HTTP/1.1" 304 -
127.0.0.1 - - [09/May/2018:10:02:58 +0200] "GET / HTTP/1.1" 404 962
0:0:0:0:0:0:0:1 - - [09/May/2018:10:03:01 +0200] "GET /testWebProject/test.html HTTP/1.1" 304 -
0:0:0:0:0:0:0:1 - - [09/May/2018:10:03:01 +0200] "GET /testWebProject/test.html HTTP/1.1" 304 -
0:0:0:0:0:0:0:1 - - [09/May/2018:10:03:06 +0200] "GET /testWebProject/toto HTTP/1.1" 200 -
0:0:0:0:0:0:0:1 - - [09/May/2018:10:03:43 +0200] "GET /testWebProject/toto HTTP/1.1" 200 -
0:0:0:0:0:0:0:1 - - [09/May/2018:10:03:45 +0200] "GET /testWebProject/toto HTTP/1.1" 200 -
127.0.0.1 - - [09/May/2018:10:03:50 +0200] "GET / HTTP/1.1" 404 962
0:0:0:0:0:0:0:1 - - [09/May/2018:10:03:51 +0200] "GET /testWebProject/toto HTTP/1.1" 200 172
0:0:0:0:0:0:0:1 - - [09/May/2018:10:03:52 +0200] "GET /testWebProject/toto HTTP/1.1" 200 172
0:0:0:0:0:0:0:1 - - [09/May/2018:10:16:42 +0200] "GET /testWebProject/test.jsp HTTP/1.1" 200 205
0:0:0:0:0:0:0:1 - - [09/May/2018:10:18:51 +0200] "GET /testWebProject/test.jsp HTTP/1.1" 200 214
0:0:0:0:0:0:0:1 - - [09/May/2018:10:55:26 +0200] "GET /testWebProject/toto HTTP/1.1" 200 172
0:0:0:0:0:0:0:1 - - [09/May/2018:10:55:28 +0200] "GET /testWebProject/toto HTTP/1.1" 200 172
127.0.0.1 - - [09/May/2018:10:55:39 +0200] "GET / HTTP/1.1" 404 962
0:0:0:0:0:0:0:1 - - [09/May/2018:10:55:40 +0200] "GET /testWebProject/toto HTTP/1.1" 200 -
0:0:0:0:0:0:0:1 - - [09/May/2018:10:55:41 +0200] "GET /testWebProject/toto HTTP/1.1" 200 -
0:0:0:0:0:0:0:1 - - [09/May/2018:10:57:24 +0200] "GET /testWebProject/toto HTTP/1.1" 200 214
0:0:0:0:0:0:0:1 - - [09/May/2018:11:48:34 +0200] "GET /testWebProject/toto HTTP/1.1" 200 254
0:0:0:0:0:0:0:1 - - [09/May/2018:11:48:41 +0200] "GET /testWebProject/toto HTTP/1.1" 200 254
0:0:0:0:0:0:0:1 - - [09/May/2018:11:48:46 +0200] "GET /testWebProject/toto HTTP/1.1" 200 254
0:0:0:0:0:0:0:1 - - [09/May/2018:11:59:22 +0200] "GET /testWebProject/toto HTTP/1.1" 200 258
0:0:0:0:0:0:0:1 - - [09/May/2018:11:59:35 +0200] "GET /testWebProject/toto?auteur=chris HTTP/1.1" 200 259
0:0:0:0:0:0:0:1 - - [09/May/2018:11:59:39 +0200] "GET /testWebProject/toto?auteurs=chris HTTP/1.1" 200 258
0:0:0:0:0:0:0:1 - - [09/May/2018:12:01:36 +0200] "GET /testWebProject/toto?auteur=%%3E%3Cp%3E%3C%%20out.print(%22test%22);%%3E%3C/p%3E%3C% HTTP/1.1" 200 258
0:0:0:0:0:0:0:1 - - [09/May/2018:12:01:44 +0200] "GET /testWebProject/toto?auteur=%%3E%3Cp%3E%3C%%20out.print(%22test%22);%%3E%3C/p%3E%3C% HTTP/1.1" 200 258
0:0:0:0:0:0:0:1 - - [09/May/2018:12:02:16 +0200] "GET null null" 400 -
0:0:0:0:0:0:0:1 - - [09/May/2018:12:20:17 +0200] "GET null null" 400 -
0:0:0:0:0:0:0:1 - - [09/May/2018:12:20:28 +0200] "GET /testWebProject/toto?auteur=%20chris HTTP/1.1" 200 260
0:0:0:0:0:0:0:1 - - [09/May/2018:13:45:33 +0200] "GET /testWebProject/toto?auteur=%20chris HTTP/1.1" 200 265
0:0:0:0:0:0:0:1 - - [09/May/2018:13:45:35 +0200] "GET /testWebProject/toto?auteur=%20chris HTTP/1.1" 200 265
0:0:0:0:0:0:0:1 - - [09/May/2018:13:47:12 +0200] "GET /testWebProject/toto?auteur=%20chris HTTP/1.1" 200 396
0:0:0:0:0:0:0:1 - - [09/May/2018:15:56:15 +0200] "GET /test/test_el.jsp HTTP/1.1" 404 994
0:0:0:0:0:0:0:1 - - [09/May/2018:15:56:32 +0200] "GET /testWebProject/test_el.jsp HTTP/1.1" 200 1420
